  cmpt_sty  cmpt_pri   T         P         B         E         M file_size   L1_size   blk_cch       BPK
         1         1   6      1024        32       128   4194304   4194304  25165824         0        10
=====================
Column Family Name: default, Size: 83887868 bytes, Files Count: 24
Level Stats:
Level: 0, Files: 0, Size: 0 bytes, Entries: 0, Deletions: 0
Level: 1, Files: 4, Size: 16746671 bytes, Entries: 119914, Deletions: 0
Level: 2, Files: 20, Size: 67141197 bytes, Entries: 481741, Deletions: 0
Level: 3, Files: 0, Size: 0 bytes, Entries: 0, Deletions: 0
Level: 4, Files: 0, Size: 0 bytes, Entries: 0, Deletions: 0
Level: 5, Files: 0, Size: 0 bytes, Entries: 0, Deletions: 0
Level: 6, Files: 0, Size: 0 bytes, Entries: 0, Deletions: 0
Level: 7, Files: 0, Size: 0 bytes, Entries: 0, Deletions: 0
Level: 8, Files: 0, Size: 0 bytes, Entries: 0, Deletions: 0
Level: 9, Files: 0, Size: 0 bytes, Entries: 0, Deletions: 0
Level: 10, Files: 0, Size: 0 bytes, Entries: 0, Deletions: 0
Level: 11, Files: 0, Size: 0 bytes, Entries: 0, Deletions: 0
Level: 12, Files: 0, Size: 0 bytes, Entries: 0, Deletions: 0
Level: 13, Files: 0, Size: 0 bytes, Entries: 0, Deletions: 0
Level: 14, Files: 0, Size: 0 bytes, Entries: 0, Deletions: 0
Level: 15, Files: 0, Size: 0 bytes, Entries: 0, Deletions: 0
Level: 16, Files: 0, Size: 0 bytes, Entries: 0, Deletions: 0
Level: 17, Files: 0, Size: 0 bytes, Entries: 0, Deletions: 0
Level: 18, Files: 0, Size: 0 bytes, Entries: 0, Deletions: 0
Level: 19, Files: 0, Size: 0 bytes, Entries: 0, Deletions: 0

RocksDB Statistics: 
rocksdb.compact.read.bytes: 787384321
rocksdb.compact.write.bytes: 760195072
rocksdb.flush.write.bytes: 138304586
rocksdb.rangereduce.file.count: 107
rocksdb.rangereduce.write.bytes: 347165822
rocksdb.compaction.times.micros: 0

=====================
Workload Execution Time: 291555406832
Inserts Execution Time: 91775370444
Updates Execution Time: 56700584801
PointQuery Execution Time: 0
PointDelete Execution Time: 0
RangeQuery Execution Time: 140513668602
RangeDelete Execution Time: 0
===========END HERE=========
