  cmpt_sty  cmpt_pri   T         P         B         E         M file_size   L1_size   blk_cch       BPK
         1         1   6      1024        32       128   4194304   4194304  25165824         0        10
=====================
Column Family Name: default, Size: 91803445 bytes, Files Count: 27
Level Stats:
Level: 0, Files: 0, Size: 0 bytes, Entries: 0, Deletions: 0
Level: 1, Files: 6, Size: 23361159 bytes, Entries: 167335, Deletions: 0
Level: 2, Files: 21, Size: 68442286 bytes, Entries: 491091, Deletions: 0
Level: 3, Files: 0, Size: 0 bytes, Entries: 0, Deletions: 0
Level: 4, Files: 0, Size: 0 bytes, Entries: 0, Deletions: 0
Level: 5, Files: 0, Size: 0 bytes, Entries: 0, Deletions: 0
Level: 6, Files: 0, Size: 0 bytes, Entries: 0, Deletions: 0
Level: 7, Files: 0, Size: 0 bytes, Entries: 0, Deletions: 0
Level: 8, Files: 0, Size: 0 bytes, Entries: 0, Deletions: 0
Level: 9, Files: 0, Size: 0 bytes, Entries: 0, Deletions: 0
Level: 10, Files: 0, Size: 0 bytes, Entries: 0, Deletions: 0
Level: 11, Files: 0, Size: 0 bytes, Entries: 0, Deletions: 0
Level: 12, Files: 0, Size: 0 bytes, Entries: 0, Deletions: 0
Level: 13, Files: 0, Size: 0 bytes, Entries: 0, Deletions: 0
Level: 14, Files: 0, Size: 0 bytes, Entries: 0, Deletions: 0
Level: 15, Files: 0, Size: 0 bytes, Entries: 0, Deletions: 0
Level: 16, Files: 0, Size: 0 bytes, Entries: 0, Deletions: 0
Level: 17, Files: 0, Size: 0 bytes, Entries: 0, Deletions: 0
Level: 18, Files: 0, Size: 0 bytes, Entries: 0, Deletions: 0
Level: 19, Files: 0, Size: 0 bytes, Entries: 0, Deletions: 0

RocksDB Statistics: 
rocksdb.compact.read.bytes: 1025113263
rocksdb.compact.write.bytes: 970953728
rocksdb.flush.write.bytes: 138304586
rocksdb.rangereduce.file.count: 25
rocksdb.rangereduce.write.bytes: 81327496
rocksdb.compaction.times.micros: 0

=====================
Workload Execution Time: 285100191225
Inserts Execution Time: 92159911032
Updates Execution Time: 69547043254
PointQuery Execution Time: 0
PointDelete Execution Time: 0
RangeQuery Execution Time: 120464510322
RangeDelete Execution Time: 0
===========END HERE=========
