	Command being timed: "/home/user/RangeReduce/bin/working_version -I 500000 -U 500000 -S 500 -Y 0.1 -E 128 -B 32 -P 1024 -T 6 --cc 0 --progress 0 -V 0 --tmv 1 --rq 1 --lb 0.16666666666666666 --re 1"
	User time (seconds): 11.28
	System time (seconds): 1.86
	Percent of CPU this job got: 5%
	Elapsed (wall clock) time (h:mm:ss or m:ss): 4:18.98
	Average shared text size (kbytes): 0
	Average unshared data size (kbytes): 0
	Average stack size (kbytes): 0
	Average total size (kbytes): 0
	Maximum resident set size (kbytes): 42476
	Average resident set size (kbytes): 0
	Major (requiring I/O) page faults: 0
	Minor (reclaiming a frame) page faults: 156357
	Voluntary context switches: 93631
	Involuntary context switches: 18
	Swaps: 0
	File system inputs: 0
	File system outputs: 0
	Socket messages sent: 0
	Socket messages received: 0
	Signals delivered: 0
	Page size (bytes): 4096
	Exit status: 0
