  cmpt_sty  cmpt_pri   T         P         B         E         M file_size   L1_size   blk_cch       BPK
         1         1   6      1024        32       128   4194304   4194304  25165824         0        10
=====================
Column Family Name: default, Size: 83888329 bytes, Files Count: 24
Level Stats:
Level: 0, Files: 0, Size: 0 bytes, Entries: 0, Deletions: 0
Level: 1, Files: 4, Size: 16745483 bytes, Entries: 119906, Deletions: 0
Level: 2, Files: 20, Size: 67142846 bytes, Entries: 481752, Deletions: 0
Level: 3, Files: 0, Size: 0 bytes, Entries: 0, Deletions: 0
Level: 4, Files: 0, Size: 0 bytes, Entries: 0, Deletions: 0
Level: 5, Files: 0, Size: 0 bytes, Entries: 0, Deletions: 0
Level: 6, Files: 0, Size: 0 bytes, Entries: 0, Deletions: 0
Level: 7, Files: 0, Size: 0 bytes, Entries: 0, Deletions: 0
Level: 8, Files: 0, Size: 0 bytes, Entries: 0, Deletions: 0
Level: 9, Files: 0, Size: 0 bytes, Entries: 0, Deletions: 0
Level: 10, Files: 0, Size: 0 bytes, Entries: 0, Deletions: 0
Level: 11, Files: 0, Size: 0 bytes, Entries: 0, Deletions: 0
Level: 12, Files: 0, Size: 0 bytes, Entries: 0, Deletions: 0
Level: 13, Files: 0, Size: 0 bytes, Entries: 0, Deletions: 0
Level: 14, Files: 0, Size: 0 bytes, Entries: 0, Deletions: 0
Level: 15, Files: 0, Size: 0 bytes, Entries: 0, Deletions: 0
Level: 16, Files: 0, Size: 0 bytes, Entries: 0, Deletions: 0
Level: 17, Files: 0, Size: 0 bytes, Entries: 0, Deletions: 0
Level: 18, Files: 0, Size: 0 bytes, Entries: 0, Deletions: 0
Level: 19, Files: 0, Size: 0 bytes, Entries: 0, Deletions: 0

RocksDB Statistics: 
rocksdb.compact.read.bytes: 787374172
rocksdb.compact.write.bytes: 760187904
rocksdb.flush.write.bytes: 138302538
rocksdb.rangereduce.file.count: 107
rocksdb.rangereduce.write.bytes: 347163278
rocksdb.compaction.times.micros: 0

=====================
Workload Execution Time: 289200196277
Inserts Execution Time: 97014228180
Updates Execution Time: 55417802064
PointQuery Execution Time: 0
PointDelete Execution Time: 0
RangeQuery Execution Time: 134438658147
RangeDelete Execution Time: 0
===========END HERE=========
