	Command being timed: "/home/user/RangeReduce/bin/working_version -I 500000 -U 500000 -S 500 -Y 0.1 -E 128 -B 32 -P 1024 -T 6 --cc 0 --progress 0 -V 0 --tmv 1 --rq 0"
	User time (seconds): 11.56
	System time (seconds): 1.99
	Percent of CPU this job got: 5%
	Elapsed (wall clock) time (h:mm:ss or m:ss): 4:20.13
	Average shared text size (kbytes): 0
	Average unshared data size (kbytes): 0
	Average stack size (kbytes): 0
	Average total size (kbytes): 0
	Maximum resident set size (kbytes): 35956
	Average resident set size (kbytes): 0
	Major (requiring I/O) page faults: 2
	Minor (reclaiming a frame) page faults: 152431
	Voluntary context switches: 96021
	Involuntary context switches: 12
	Swaps: 0
	File system inputs: 0
	File system outputs: 0
	Socket messages sent: 0
	Socket messages received: 0
	Signals delivered: 0
	Page size (bytes): 4096
	Exit status: 0
