  cmpt_sty  cmpt_pri   T         P         B         E         M file_size   L1_size   blk_cch       BPK
         1         1   6      1024        32       128   4194304   4194304  25165824         0        10
=====================
Column Family Name: default, Size: 89837282 bytes, Files Count: 26
Level Stats:
Level: 0, Files: 0, Size: 0 bytes, Entries: 0, Deletions: 0
Level: 1, Files: 6, Size: 23231306 bytes, Entries: 166423, Deletions: 0
Level: 2, Files: 20, Size: 66605976 bytes, Entries: 477903, Deletions: 0
Level: 3, Files: 0, Size: 0 bytes, Entries: 0, Deletions: 0
Level: 4, Files: 0, Size: 0 bytes, Entries: 0, Deletions: 0
Level: 5, Files: 0, Size: 0 bytes, Entries: 0, Deletions: 0
Level: 6, Files: 0, Size: 0 bytes, Entries: 0, Deletions: 0
Level: 7, Files: 0, Size: 0 bytes, Entries: 0, Deletions: 0
Level: 8, Files: 0, Size: 0 bytes, Entries: 0, Deletions: 0
Level: 9, Files: 0, Size: 0 bytes, Entries: 0, Deletions: 0
Level: 10, Files: 0, Size: 0 bytes, Entries: 0, Deletions: 0
Level: 11, Files: 0, Size: 0 bytes, Entries: 0, Deletions: 0
Level: 12, Files: 0, Size: 0 bytes, Entries: 0, Deletions: 0
Level: 13, Files: 0, Size: 0 bytes, Entries: 0, Deletions: 0
Level: 14, Files: 0, Size: 0 bytes, Entries: 0, Deletions: 0
Level: 15, Files: 0, Size: 0 bytes, Entries: 0, Deletions: 0
Level: 16, Files: 0, Size: 0 bytes, Entries: 0, Deletions: 0
Level: 17, Files: 0, Size: 0 bytes, Entries: 0, Deletions: 0
Level: 18, Files: 0, Size: 0 bytes, Entries: 0, Deletions: 0
Level: 19, Files: 0, Size: 0 bytes, Entries: 0, Deletions: 0

RocksDB Statistics: 
rocksdb.compact.read.bytes: 1019113982
rocksdb.compact.write.bytes: 965984768
rocksdb.flush.write.bytes: 138304087
rocksdb.rangereduce.file.count: 29
rocksdb.rangereduce.write.bytes: 89564673
rocksdb.compaction.times.micros: 0

=====================
Workload Execution Time: 260806826425
Inserts Execution Time: 88317353760
Updates Execution Time: 64062293627
PointQuery Execution Time: 0
PointDelete Execution Time: 0
RangeQuery Execution Time: 105923289438
RangeDelete Execution Time: 0
===========END HERE=========
